{
  "operations": [
    "network_egress",
    "federation_sync",
    "revocation_fetch",
    "remote_attestation_verify",
    "telemetry_export",
    "remote_computation",
    "artifact_upload"
  ],
  "endpoint_prefixes": [
    "https://api.example.com/",
    "https://compute.example.com/",
    "https://storage.example.com/"
  ]
}