{
  "success": true,
  "input": {
    "raw_bytes_len": 18446744073709551615,
    "nesting_depth": 5,
    "decode_cpu_ms": 10
  },
  "resource_usage": {
    "bytes_parsed": 18446744073709551615,
    "nesting_depth": 5,
    "cpu_ms": 10
  },
  "allowed": false,
  "violation_count": 1,
  "test_case": "u64_max_bytes"
}