---
source: crates/franken-node/tests/artifact_gate_goldens.rs
assertion_line: 423
---
{
  "compatibility_corpus_results": {
    "api_families": [
      {
        "family": "buffer",
        "pass_rate_pct": 93.33,
        "passed": 28,
        "total": 30
      },
      {
        "family": "child_process",
        "pass_rate_pct": 0.0,
        "passed": 0,
        "total": 30
      },
      {
        "family": "cluster",
        "pass_rate_pct": 90.0,
        "passed": 18,
        "total": 20
      },
      {
        "family": "crypto",
        "pass_rate_pct": 84.44,
        "passed": 38,
        "total": 45
      },
      {
        "family": "events",
        "pass_rate_pct": 93.33,
        "passed": 28,
        "total": 30
      },
      {
        "family": "fs",
        "pass_rate_pct": 88.0,
        "passed": 44,
        "total": 50
      },
      {
        "family": "http",
        "pass_rate_pct": 100.0,
        "passed": 50,
        "total": 50
      },
      {
        "family": "net",
        "pass_rate_pct": 92.5,
        "passed": 37,
        "total": 40
      },
      {
        "family": "os",
        "pass_rate_pct": 100.0,
        "passed": 30,
        "total": 30
      },
      {
        "family": "path",
        "pass_rate_pct": 100.0,
        "passed": 35,
        "total": 35
      },
      {
        "family": "querystring",
        "pass_rate_pct": 100.0,
        "passed": 20,
        "total": 20
      },
      {
        "family": "stream",
        "pass_rate_pct": 81.54,
        "passed": 53,
        "total": 65
      },
      {
        "family": "timers",
        "pass_rate_pct": 100.0,
        "passed": 30,
        "total": 30
      },
      {
        "family": "tls",
        "pass_rate_pct": 87.5,
        "passed": 35,
        "total": 40
      },
      {
        "family": "url",
        "pass_rate_pct": 100.0,
        "passed": 25,
        "total": 25
      },
      {
        "family": "zlib",
        "pass_rate_pct": 85.0,
        "passed": 17,
        "total": 20
      }
    ],
    "bands": [
      {
        "band": "core",
        "pass_rate_pct": 88.98,
        "passed": 226,
        "total": 254
      },
      {
        "band": "edge",
        "pass_rate_pct": 85.71,
        "passed": 48,
        "total": 56
      },
      {
        "band": "high-value",
        "pass_rate_pct": 85.6,
        "passed": 214,
        "total": 250
      }
    ],
    "event_codes": [
      "CCG-001",
      "CCG-002",
      "CCG-003",
      "CCG-004"
    ],
    "failing_test_ids": [
      "tc::buffer::0028",
      "tc::buffer::0030",
      "tc::child_process::0001",
      "tc::child_process::0002",
      "tc::child_process::0003",
      "tc::child_process::0004",
      "tc::child_process::0005",
      "tc::child_process::0006",
      "tc::child_process::0007",
      "tc::child_process::0008",
      "tc::child_process::0009",
      "tc::child_process::0010",
      "tc::child_process::0011",
      "tc::child_process::0012",
      "tc::child_process::0013",
      "tc::child_process::0014"
    ],
    "per_test_result_count": 560,
    "summary": {
      "array_counts": {
        "event_codes": 4
      },
      "bead_id": "bd-28sz",
      "path": "artifacts/13/compatibility_corpus_results.json",
      "sample_ids": {},
      "schema_version": null,
      "scrubbed_sha256": "0cb1ebdb333506005c0dd719b03f23e049dcde384e2ccb2be6bff3d9cd8c01ae",
      "section": "13",
      "status": null,
      "top_level_keys": [
        "api_families",
        "bands",
        "bead_id",
        "ci_gate",
        "corpus",
        "event_codes",
        "failing_tests_tracking",
        "per_test_results",
        "previous_release",
        "proof_carrying_effects",
        "reproducibility",
        "section",
        "thresholds",
        "title",
        "totals",
        "trace_id"
      ]
    },
    "thresholds": {
      "band_pass_rate_min_pct": {
        "core": 99.0,
        "edge": 90.0,
        "high-value": 95.0
      },
      "overall_pass_rate_min_pct": 95.0,
      "per_family_pass_rate_min_pct": 80.0
    },
    "totals": {
      "errored_test_cases": 0,
      "failed_test_cases": 72,
      "overall_pass_rate_pct": 87.14,
      "passed_test_cases": 488,
      "skipped_test_cases": 0,
      "total_test_cases": 560
    }
  },
  "golden_strategy": "freeze compatibility matrix and replay coverage contract summaries plus scrubbed full-artifact hashes",
  "replay_coverage_matrix": {
    "coverage_summary": {
      "coverage_ratio": 1.0,
      "covered_count": 8,
      "required_count": 8
    },
    "minimum_required_coverage_ratio": 1.0,
    "new_incident_type_sla_days": 14,
    "replay_artifacts": [
      {
        "artifact_path": "artifacts/13/replay_artifacts/rce_replay.json",
        "deterministic_match": true,
        "deterministic_runs": 10,
        "incident_type": "rce"
      },
      {
        "artifact_path": "artifacts/13/replay_artifacts/privilege_escalation_replay.json",
        "deterministic_match": true,
        "deterministic_runs": 10,
        "incident_type": "privilege_escalation"
      },
      {
        "artifact_path": "artifacts/13/replay_artifacts/data_exfiltration_replay.json",
        "deterministic_match": true,
        "deterministic_runs": 10,
        "incident_type": "data_exfiltration"
      },
      {
        "artifact_path": "artifacts/13/replay_artifacts/sandbox_escape_replay.json",
        "deterministic_match": true,
        "deterministic_runs": 10,
        "incident_type": "sandbox_escape"
      },
      {
        "artifact_path": "artifacts/13/replay_artifacts/trust_system_bypass_replay.json",
        "deterministic_match": true,
        "deterministic_runs": 10,
        "incident_type": "trust_system_bypass"
      },
      {
        "artifact_path": "artifacts/13/replay_artifacts/supply_chain_compromise_replay.json",
        "deterministic_match": true,
        "deterministic_runs": 10,
        "incident_type": "supply_chain_compromise"
      },
      {
        "artifact_path": "artifacts/13/replay_artifacts/denial_of_service_replay.json",
        "deterministic_match": true,
        "deterministic_runs": 10,
        "incident_type": "denial_of_service"
      },
      {
        "artifact_path": "artifacts/13/replay_artifacts/memory_corruption_replay.json",
        "deterministic_match": true,
        "deterministic_runs": 10,
        "incident_type": "memory_corruption"
      }
    ],
    "required_incident_types": [
      "rce",
      "privilege_escalation",
      "data_exfiltration",
      "sandbox_escape",
      "trust_system_bypass",
      "supply_chain_compromise",
      "denial_of_service",
      "memory_corruption"
    ],
    "summary": {
      "array_counts": {},
      "bead_id": "bd-2l1k",
      "path": "artifacts/13/replay_coverage_matrix.json",
      "sample_ids": {},
      "schema_version": null,
      "scrubbed_sha256": "7eb772db4f8dd07fa81c056beac01e5b3c483929a35398206993bcdc760f0b81",
      "section": null,
      "status": null,
      "top_level_keys": [
        "bead_id",
        "coverage_summary",
        "generated_at_utc",
        "minimum_required_coverage_ratio",
        "new_incident_type_sla_days",
        "replay_artifacts",
        "required_incident_types",
        "trace_id"
      ]
    }
  },
  "scrubbing_rules": {
    "compatibility_runtime_elapsed_ms": "[ELAPSED_MS]",
    "compatibility_runtime_observations_digest": "sha256:[RUN_SPECIFIC]",
    "kept_exact": [
      "schema_version",
      "bead_id",
      "expected hashes",
      "thresholds",
      "family names",
      "pass counts",
      "gate verdicts"
    ],
    "nonce_keys": "[NONCE]",
    "timestamps": "[TIMESTAMP]",
    "trace_id": "[TRACE_ID]",
    "uuid_keys": "[UUID]"
  },
  "surface": "corpus-and-replay-artifact-gates"
}
