---
source: crates/franken-node/tests/trust_card_cross_version_conformance.rs
expression: "serde_json::json!({\n    \"test_name\": test_case.name, \"card_schema\": test_case.card_schema,\n    \"registry_schema\": test_case.registry_schema, \"verifier_version\":\n    format!(\"{:?}\", test_case.verifier_version), \"result\": match result\n    { Ok(_) => \"pass\", Err(_) => \"fail\" }, \"expected\":\n    format!(\"{:?}\", test_case.expected_result)\n})"
---
{
  "test_name": "legacy_card_current_verifier",
  "card_schema": "0.9.0",
  "registry_schema": "franken-node/trust-card-registry-state/v0",
  "verifier_version": "Current",
  "result": "pass",
  "expected": "Pass"
}
