---
source: crates/franken-node/tests/cli_subcommand_goldens.rs
---
{
  "schema_version": "franken-node/validation-readiness/report/v1",
  "command": "ops validation-readiness",
  "trace_id": "trace-recovery-runbook",
  "generated_at_utc": "2026-02-21T12:00:00Z",
  "overall_status": "warn",
  "status_counts": {
    "pass": 7,
    "warn": 4,
    "fail": 0
  },
  "checks": [
    {
      "code": "VR-SCHEMA-001",
      "event_code": "VB-009",
      "scope": "validation_readiness.schema",
      "status": "pass",
      "message": "Validation-readiness input schema is supported.",
      "remediation": "No action required."
    },
    {
      "code": "VR-BROKER-002",
      "event_code": "VB-009",
      "scope": "validation_broker.state",
      "status": "pass",
      "message": "Validation broker state supplied (receipts=0, proof_statuses=1).",
      "remediation": "No action required."
    },
    {
      "code": "VR-BEAD-003",
      "event_code": "VB-009",
      "scope": "beads.validation_receipts",
      "status": "pass",
      "message": "Tracked Beads have fresh receipts or explicit source-only waivers.",
      "remediation": "No action required."
    },
    {
      "code": "VR-RECEIPT-004",
      "event_code": "VB-009",
      "scope": "validation_broker.receipt_freshness",
      "status": "warn",
      "message": "No validation receipts were supplied for freshness checks.",
      "remediation": "Include receipt paths or a broker snapshot before relying on this report."
    },
    {
      "code": "VR-PROOF-005",
      "event_code": "VB-009",
      "scope": "validation_broker.proof_status",
      "status": "warn",
      "message": "Validation proof is blocked by worker/resource failure(s): worker=1 resource=0.",
      "remediation": "Retry on a healthy RCH worker or defer with explicit source-only rationale; do not count this as product green."
    },
    {
      "code": "VR-PROOF-COALESCER-009",
      "event_code": "VPCO-001",
      "scope": "validation_proof_coalescer.lease_state",
      "status": "pass",
      "message": "No validation proof coalescer decisions were supplied.",
      "remediation": "No action required."
    },
    {
      "code": "VR-SWARM-SCHEDULER-010",
      "event_code": "VSS-001",
      "scope": "validation_swarm_scheduler.slo",
      "status": "pass",
      "message": "No swarm-scheduler decisions were supplied.",
      "remediation": "No action required."
    },
    {
      "code": "VR-SWARM-ADMISSION-011",
      "event_code": "SVA-000",
      "scope": "validation_swarm_admission.decisions",
      "status": "pass",
      "message": "No swarm-admission decisions were supplied.",
      "remediation": "No action required."
    },
    {
      "code": "VR-RCH-006",
      "event_code": "VB-009",
      "scope": "rch.worker_readiness",
      "status": "warn",
      "message": "No RCH worker observations or remote receipts were supplied.",
      "remediation": "Include broker receipts or worker capability observations for RCH readiness."
    },
    {
      "code": "VR-PROOF-LANE-008",
      "event_code": "PLR-001",
      "scope": "proof_lane_readiness.preflight",
      "status": "pass",
      "message": "No proof-lane readiness capsules were supplied.",
      "remediation": "No action required."
    },
    {
      "code": "VR-RESOURCE-007",
      "event_code": "VB-009",
      "scope": "resource_governor.contention",
      "status": "warn",
      "message": "No resource-governor observation was supplied.",
      "remediation": "Run `franken-node ops resource-governor --json` before launching expensive validation."
    }
  ],
  "summary": {
    "tracked_beads": 0,
    "receipts": 0,
    "proof_statuses": 1,
    "proof_counts": {
      "queued": 0,
      "leased": 0,
      "running": 0,
      "reused": 0,
      "passed": 0,
      "failed": 1,
      "source_only": 0,
      "cancelled": 0,
      "unknown": 0
    },
    "proof_coalescer": {
      "producer_proofs": 0,
      "waiters": 0,
      "stale_leases": 0,
      "fenced_leases": 0,
      "capacity_rejections": 0,
      "cache_handoffs": 0,
      "rejected": 0
    },
    "proof_cache_hits": 0,
    "stale_receipt_count": 0,
    "malformed_receipt_count": 0,
    "missing_required_receipts": 0,
    "product_failure_count": 0,
    "worker_failure_count": 1,
    "resource_failure_count": 0,
    "rch_remote_receipts": 0,
    "rch_remote_missing_worker_id": 0,
    "last_successful_cargo_proof_at": null,
    "contention_state": "unknown",
    "proof_lane_readiness": [],
    "swarm_scheduler": {
      "decisions": 0,
      "queue_age_p95_ms": 0,
      "queue_age_max_ms": 0,
      "slot_utilization": 0.0,
      "fairness_index": 1.0,
      "slo_breach_status": "no_data",
      "breached_decisions": 0,
      "capacity_waits": 0,
      "work_steals": 0,
      "source_only_blockers": 0,
      "product_failures": 0,
      "worker_infra_retries": 0,
      "decision_details": []
    },
    "swarm_admission": {
      "schema_version": "franken-node/validation-swarm-admission/readiness/v1",
      "decisions": 0,
      "run": 0,
      "coalesce": 0,
      "defer": 0,
      "handoff": 0,
      "blocked": 0,
      "stale_inputs": 0,
      "fail_closed": 0,
      "green_proof_eligible": 0,
      "rch_jobs_budgeted": 0,
      "decision_details": []
    },
    "control_tower": {
      "rows": 1,
      "green_proofs": 0,
      "wait_or_join": 0,
      "source_only_blockers": 0,
      "worker_infrastructure": 1,
      "product_failures": 0,
      "invalid_artifacts": 0,
      "stale_leases": 0,
      "no_known_proofs": 0,
      "capacity_waits": 0,
      "entries": [
        {
          "bead_id": "bead-rch-e104",
          "agent_name": "unknown",
          "decision": "worker_infrastructure",
          "scheduler_decision": null,
          "reason_code": "VCT_STATUS_OBSERVED",
          "event_code": "VCT-010",
          "required_action": "record_blocker_and_retry",
          "next_action": "record_blocker_and_retry",
          "proof_source": "fresh_execution",
          "proof_debt_class": "worker_infra",
          "fairness_bucket": "n/a",
          "stale_risk": "none",
          "proof_work_key": null,
          "command_digest": "a0af6d20ca7f4a381defdf9bb92304bc89789d271d2060cb2d29f320b9da290f",
          "coalescer_state": "n/a",
          "green_proof_eligible": false,
          "recorder_path": "/tmp/flight_rec_rch_e104.json",
          "recovery_artifact_path": null,
          "latest_artifact_path": null,
          "rch_slots_total": null,
          "rch_slots_available": null,
          "rch_queue_depth": 0
        }
      ]
    },
    "flight_recorder_refs": 1,
    "failed_attempt_details": [
      {
        "bead_id": "bead-rch-e104",
        "thread_id": "cargo_build",
        "flight_recorder_path": "/tmp/flight_rec_rch_e104.json",
        "outcome_class": "worker_timeout",
        "execution_mode": "remote",
        "worker_id": "worker-002",
        "reason_code": "RCH_E104_WORKER_TIMEOUT",
        "retryable": true,
        "product_failure": false,
        "last_attempt_at": "2026-02-21T12:00:00Z"
      }
    ],
    "pending_recoveries": [
      {
        "bead_id": "bead-rch-e104",
        "thread_id": "cargo_build",
        "action": "RetryRemoteDifferentWorker",
        "reason_code": "RETRY_REMOTE_DIFFERENT_WORKER",
        "required_action": "retry validation on a different worker",
        "retry_after_ms": 45000,
        "worker_preference": null,
        "fail_closed": false
      }
    ]
  }
}
