[
  {
    "code": "CLAIM_GATE_SCAN_START",
    "file": "docs/api.md",
    "claim_hash": "docs/api.md:42",
    "detail": "Scanning claim at docs/api.md:42"
  },
  {
    "code": "CLAIM_LINKED",
    "file": "docs/api.md",
    "claim_hash": "docs/api.md:42",
    "detail": "Claim linked to artifacts/10.16/api_batch_conformance.json"
  },
  {
    "code": "CLAIM_GATE_SCAN_START",
    "file": "docs/storage.md",
    "claim_hash": "docs/storage.md:128",
    "detail": "Scanning claim at docs/storage.md:128"
  },
  {
    "code": "CLAIM_LINKED",
    "file": "docs/storage.md",
    "claim_hash": "docs/storage.md:128",
    "detail": "Claim linked to artifacts/10.16/storage_acid_test.json"
  },
  {
    "code": "CLAIM_GATE_SCAN_START",
    "file": "docs/tui.md",
    "claim_hash": "docs/tui.md:67",
    "detail": "Scanning claim at docs/tui.md:67"
  },
  {
    "code": "CLAIM_UNLINKED",
    "file": "docs/tui.md",
    "claim_hash": "docs/tui.md:67",
    "detail": "UNLINKED: TUI responds to resize events within [DURATION]"
  },
  {
    "code": "CLAIM_GATE_SCAN_START",
    "file": "docs/model.md",
    "claim_hash": "docs/model.md:203",
    "detail": "Scanning claim at docs/model.md:203"
  },
  {
    "code": "CLAIM_LINK_BROKEN",
    "file": "docs/model.md",
    "claim_hash": "docs/model.md:203",
    "detail": "BROKEN LINK: artifacts/10.16/missing_file.json"
  }
]