registry publish: extension_id=plugin-test-golden-[KEY_ID]
publisher_key_id=[KEY_ID][DURATION]igning_key_source=test
signing_key_path=[PATH]
artifact_path=.franken-node/state/registry/artifacts/plugin-test-golden-[KEY_ID]/artifact.fnext
manifest_path=.franken-node/state/registry/artifacts/plugin-test-golden-[KEY_ID]/artifact.manifest.json
integrity=verified