{
  "success": true,
  "verdict": {
    "frame_id": "at-size-limit",
    "allowed": false,
    "violations": [
      {
        "type": "SizeExceeded",
        "actual": 1000000,
        "limit": 1000000
      }
    ],
    "resource_usage": {
      "bytes_parsed": 1000000,
      "nesting_depth": 5,
      "cpu_ms": 10
    }
  },
  "audit": {
    "frame_id": "at-size-limit",
    "size": 1000000,
    "depth": 5,
    "cpu_used": 10,
    "size_limit": 1000000,
    "depth_limit": 32,
    "cpu_limit": 100,
    "verdict": "BLOCK",
    "timestamp": "[TIMESTAMP]"
  },
  "test_case": "at_size_limit"
}