{
  "success": true,
  "verdict": {
    "frame_id": "over-depth-limit",
    "allowed": false,
    "violations": [
      {
        "type": "DepthExceeded",
        "actual": 32,
        "limit": 32
      }
    ],
    "resource_usage": {
      "bytes_parsed": 1000,
      "nesting_depth": 32,
      "cpu_ms": 10
    }
  },
  "audit": {
    "frame_id": "over-depth-limit",
    "size": 1000,
    "depth": 32,
    "cpu_used": 10,
    "size_limit": 1000000,
    "depth_limit": 32,
    "cpu_limit": 100,
    "verdict": "BLOCK",
    "timestamp": "[TIMESTAMP]"
  },
  "test_case": "over_depth_limit"
}